Microchip MPLAB XC8 Compiler V2.36

Linker command line:

-W-3 --edf=C:\Program Files\Microchip\xc8\v2.36\pic\dat\en_msgs.txt -cn \
  -h+dist/default/production\DSP_Prototype_testboard.X.production.sym \
  --cmf=dist/default/production\DSP_Prototype_testboard.X.production.cmf -z \
  -Q16F887 -oC:\Users\smcch\AppData\Local\Temp\xcAs1v38.4 \
  --defsym=__MPLAB_BUILD=1 \
  -Mdist/default/production/DSP_Prototype_testboard.X.production.map \
  --md=C:\Users\smcch\AppData\Local\Temp\xcAs1v38.dat -E1 -ver=XC8 Compiler \
  --acfsm=1493 -ACODE=00h-07FFhx4 -ASTRCODE=00h-01FFFh -ASTRING=00h-0FFhx32 \
  -ACONST=00h-0FFhx32 -AENTRY=00h-0FFhx32 -ACOMMON=070h-07Fh \
  -ABANK0=020h-06Fh -ABANK1=0A0h-0EFh -ABANK2=0110h-016Fh \
  -ABANK3=0190h-01EFh -ARAM=020h-06Fh,0A0h-0EFh,0110h-016Fh,0190h-01EFh \
  -AABS1=020h-07Fh,0A0h-0EFh,0110h-016Fh,0190h-01EFh -ASFR0=00h-01Fh \
  -ASFR1=080h-09Fh -ASFR2=0100h-010Fh -ASFR3=0180h-018Fh \
  -ACONFIG=02007h-02008h -DCONFIG=2 -AIDLOC=02000h-02003h -DIDLOC=2 \
  -AEEDATA=00h-0FFh/02100h -peeprom_data=EEDATA -DEEDATA=2 -DCODE=2 \
  -DSTRCODE=2 -DSTRING=2 -DCONST=2 -DENTRY=2 \
  -preset_vec=00h,intentry=04h,init,end_init -ppowerup=CODE -pcinit=CODE \
  -pfunctab=ENTRY -k C:\Users\smcch\AppData\Local\Temp\xcAs1v38.o \
  dist/default/production\DSP_Prototype_testboard.X.production.o 

Object code version is 3.11

Machine type is 16F887



                Name                               Link     Load   Length Selector   Space Scale
C:\Users\smcch\AppData\Local\Temp\xcAs1v38.o
                end_init                              C        C        3        8       0
                reset_vec                             0        0        3        0       0
                config                             2007     2007        2        0       4
                idloc                              2000     2000        4        0       5
dist/default/production\DSP_Prototype_testboard.X.production.o
                cinit                                 F        F       2C        8       0
                intentry                              4        4        8        8       0
                config                             2007     2007        2        0       4
                idloc                              2000     2000        4        0       5
                text13                              1E9      1E9        7        8       0
                text12                              143      143       17        8       0
                text11                              1D0      1D0        A        8       0
                text10                              1A9      1A9       10        8       0
                text9                               1C5      1C5        B        8       0
                text8                               15A      15A       15        8       0
                text7                                92       92       3B        8       0
                text6                               196      196       13        8       0
                text5                                CD       CD       33        8       0
                text4                               1B9      1B9        C        8       0
                text3                               100      100       26        8       0
                text2                               126      126       1D        8       0
                text1                                3B       3B       57        8       0
                maintext                            16F      16F       14        8       0
                cstackBANK0                          4A       4A        2       20       1
                cstackCOMMON                         70       70        9       70       1
                clrtext                             1DA      1DA        8        8       0
                inittext                            183      183       13        8       0
                dataBANK0                            43       43        7       20       1
                bssBANK0                             20       20       23       20       1
                dataCOMMON                           79       79        3       70       1
                idataBANK0                          1E2      1E2        7        8       0
                idataCOMMON                         1F0      1F0        3        8       0

TOTAL           Name                               Link     Load   Length     Space
        CLASS   CODE           
                end_init                              C        C        3         0
                cinit                                 F        F       2C         0
                intentry                              4        4        8         0
                reset_vec                             0        0        3         0
                text13                              1E9      1E9        7         0
                text12                              143      143       17         0
                text11                              1D0      1D0        A         0
                text10                              1A9      1A9       10         0
                text9                               1C5      1C5        B         0
                text8                               15A      15A       15         0
                text7                                92       92       3B         0
                text6                               196      196       13         0
                text5                                CD       CD       33         0
                text4                               1B9      1B9        C         0
                text3                               100      100       26         0
                text2                               126      126       1D         0
                text1                                3B       3B       57         0
                maintext                            16F      16F       14         0
                clrtext                             1DA      1DA        8         0
                inittext                            183      183       13         0
                idataBANK0                          1E2      1E2        7         0
                idataCOMMON                         1F0      1F0        3         0

        CLASS   STRCODE        

        CLASS   STRING         

        CLASS   CONST          

        CLASS   ENTRY          

        CLASS   COMMON         
                cstackCOMMON                         70       70        9         1
                dataCOMMON                           79       79        3         1

        CLASS   BANK0          
                cstackBANK0                          4A       4A        2         1
                dataBANK0                            43       43        7         1
                bssBANK0                             20       20       23         1

        CLASS   BANK1          

        CLASS   BANK2          

        CLASS   BANK3          

        CLASS   RAM            

        CLASS   ABS1           
                abs_s1                               7E       7E        2         1

        CLASS   SFR0           

        CLASS   SFR1           

        CLASS   SFR2           

        CLASS   SFR3           

        CLASS   CONFIG         
                config                             2007     2007        2         4

        CLASS   IDLOC          
                idloc                              2000     2000        4         5

        CLASS   EEDATA         

        CLASS   STACK          



SEGMENTS        Name                           Load    Length   Top    Selector   Space  Class     Delta

                reset_vec                      000000  000003  000003         0       0  CODE        2
                intentry                       000004  0001EF  0001F3         8       0  CODE        2
                bssBANK0                       000020  00002C  00004C        20       1  BANK0       1
                cstackCOMMON                   000070  00000C  00007C        70       1  COMMON      1


UNUSED ADDRESS RANGES

        Name                Unused          Largest block    Delta
        BANK0            004C-006F             24           1
        BANK1            00A0-00EF             50           1
        BANK2            0110-016F             60           1
        BANK3            0190-01EF             60           1
        CODE             0003-0003              1           2
                         01F3-1FFF            800
        COMMON           007C-007D              2           1
        CONST            0003-0003              1           2
                         01F3-1FFF            100
        EEDATA           2100-21FF            100           2
        ENTRY            0003-0003              1           2
                         01F3-1FFF            100
        RAM              004C-006F             24           1
                         00A0-00EF             50
                         0110-016F             60
                         0190-01EF             60
        SFR0             0000-001F             20           1
        SFR1             0080-009F             20           1
        SFR2             0100-010F             10           1
        SFR3             0180-018F             10           1
        STRCODE          0003-0003              1           2
                         01F3-1FFF           1E0D
        STRING           0003-0003              1           2
                         01F3-1FFF            100

                                  Symbol Table

_ANSEL                   (abs)        0188
_ANSELH                  (abs)        0189
_BAUDCTL                 (abs)        0187
_CREN                    (abs)        00C4
_FERR                    (abs)        00C2
_INIT                    text7        0092
_INIT_EUSART             text12       0143
_INIT_INTERRUPTS         text11       01D0
_INIT_PIN                text10       01A9
_INIT_TEST               text9        01C5
_INTCON                  (abs)        000B
_ISR                     text13       01E9
_OERR                    (abs)        00C1
_OPTION_REG              (abs)        0081
_PIE1                    (abs)        008C
_PIR1                    (abs)        000C
_PIR2                    (abs)        000D
_PORTAbits               (abs)        0005
_PORTBbits               (abs)        0006
_PORTEbits               (abs)        0009
_RCIF                    (abs)        0065
_RCREG                   (abs)        001A
_RCSTA                   (abs)        0018
_SPBRG                   (abs)        0099
_TRISAbits               (abs)        0085
_TRISB                   (abs)        0086
_TRISC                   (abs)        0087
_TRISD                   (abs)        0088
_TRISEbits               (abs)        0089
_TRMT                    (abs)        04C1
_TXREG                   (abs)        0019
_TXSTA                   (abs)        0098
__Habs1                  abs1         0000
__Hbank0                 bank0        0000
__Hbank1                 bank1        0000
__Hbank2                 bank2        0000
__Hbank3                 bank3        0000
__HbssBANK0              bssBANK0     0000
__Hcinit                 cinit        003B
__Hclrtext               clrtext      0000
__Hcode                  code         0000
__Hcommon                common       0000
__Hconfig                config       2009
__HcstackBANK0           cstackBANK0  0000
__HcstackCOMMON          cstackCOMMON 0000
__HdataBANK0             dataBANK0    0000
__HdataCOMMON            dataCOMMON   0000
__Heeprom_data           eeprom_data  0000
__Hend_init              end_init     000F
__Hfunctab               functab      0000
__HidataBANK0            idataBANK0   0000
__HidataCOMMON           idataCOMMON  0000
__Hidloc                 idloc        2004
__Hinit                  init         000C
__Hinittext              inittext     0000
__Hintentry              intentry     000C
__Hmaintext              maintext     0000
__Hpowerup               powerup      0000
__Hram                   ram          0000
__Hreset_vec             reset_vec    0003
__Hsfr0                  sfr0         0000
__Hsfr1                  sfr1         0000
__Hsfr2                  sfr2         0000
__Hsfr3                  sfr3         0000
__Hspace_0               (abs)        01F3
__Hspace_1               (abs)        007C
__Hspace_2               (abs)        0000
__Hspace_3               (abs)        0000
__Hspace_4               (abs)        4010
__Hstack                 stack        0000
__Hstrings               strings      0000
__Htext                  text         0000
__Labs1                  abs1         0000
__Lbank0                 bank0        0000
__Lbank1                 bank1        0000
__Lbank2                 bank2        0000
__Lbank3                 bank3        0000
__LbssBANK0              bssBANK0     0000
__Lcinit                 cinit        000F
__Lclrtext               clrtext      0000
__Lcode                  code         0000
__Lcommon                common       0000
__Lconfig                config       0000
__LcstackBANK0           cstackBANK0  0000
__LcstackCOMMON          cstackCOMMON 0000
__LdataBANK0             dataBANK0    0000
__LdataCOMMON            dataCOMMON   0000
__Leeprom_data           eeprom_data  0000
__Lend_init              end_init     000C
__Lfunctab               functab      0000
__LidataBANK0            idataBANK0   0000
__LidataCOMMON           idataCOMMON  0000
__Lidloc                 idloc        0000
__Linit                  init         000C
__Linittext              inittext     0000
__Lintentry              intentry     0004
__Lmaintext              maintext     0000
__Lpowerup               powerup      0000
__Lram                   ram          0000
__Lreset_vec             reset_vec    0000
__Lsfr0                  sfr0         0000
__Lsfr1                  sfr1         0000
__Lsfr2                  sfr2         0000
__Lsfr3                  sfr3         0000
__Lspace_0               (abs)        0000
__Lspace_1               (abs)        0000
__Lspace_2               (abs)        0000
__Lspace_3               (abs)        0000
__Lspace_4               (abs)        0000
__Lstack                 stack        0000
__Lstrings               strings      0000
__Ltext                  text         0000
__S0                     (abs)        01F3
__S1                     (abs)        007C
__S3                     (abs)        0000
___int_sp                stack        0000
___latbits               (abs)        0002
___sp                    stack        0000
___stackhi               (abs)        0000
___stacklo               (abs)        0000
__end_of_INIT            text7        00CD
__end_of_INIT_EUSART     text12       015A
__end_of_INIT_INTERRUPTS text11       01DA
__end_of_INIT_PIN        text10       01B9
__end_of_INIT_TEST       text9        01D0
__end_of_ISR             text13       01F0
__end_of__initialization cinit        0037
__end_of_clearRCREG      text8        016F
__end_of_getChar         text6        01A9
__end_of_getRCREG        text1        0092
__end_of_incrLED         text5        0100
__end_of_main            maintext     0183
__end_of_sendChar        text4        01C5
__end_of_sendData        text2        0143
__end_of_write2Reg       text3        0126
__initialization         cinit        000F
__pbssBANK0              bssBANK0     0020
__pcstackBANK0           cstackBANK0  004A
__pcstackCOMMON          cstackCOMMON 0070
__pdataBANK0             dataBANK0    0043
__pdataCOMMON            dataCOMMON   0079
__pidataBANK0            idataBANK0   01E2
__pidataCOMMON           idataCOMMON  01F0
__pintentry              intentry     0004
__pmaintext              maintext     016F
__ptext1                 text1        003B
__ptext10                text10       01A9
__ptext11                text11       01D0
__ptext12                text12       0143
__ptext13                text13       01E9
__ptext2                 text2        0126
__ptext3                 text3        0100
__ptext4                 text4        01B9
__ptext5                 text5        00CD
__ptext6                 text6        0196
__ptext7                 text7        0092
__ptext8                 text8        015A
__ptext9                 text9        01C5
_b                       dataBANK0    0044
_buf                     dataBANK0    0045
_buf_rx                  bssBANK0     0033
_clearRCREG              text8        015A
_counter                 bssBANK0     002E
_dat_end                 dataBANK0    0043
_eusartRxCnt             bssBANK0     0030
_getChar                 text6        0196
_getRCREG                text1        003B
_heartState              dataCOMMON   007B
_i                       bssBANK0     002A
_incrLED                 text5        00CD
_main                    maintext     016F
_o                       dataCOMMON   0079
_rts                     bssBANK0     0028
_sendChar                text4        01B9
_sendData                text2        0126
_write2Reg               text3        0100
_y                       dataCOMMON   007A
btemp                    (abs)        007E
clearRCREG@c             cstackCOMMON 0073
clear_ram0               clrtext      01DA
end_of_initialization    cinit        0037
getChar@c                cstackCOMMON 0073
incrLED@val              cstackCOMMON 0072
init_fetch0              inittext     0183
init_ram0                inittext     0187
interrupt_function       intentry     0004
intlevel0                functab      0000
intlevel1                functab      0000
intlevel2                functab      0000
intlevel3                functab      0000
intlevel4                functab      0000
intlevel5                functab      0000
reset_vec                reset_vec    0000
saved_w                  (abs)        007E
sendChar@data            cstackCOMMON 0072
start                    init         000C
start_initialization     cinit        000F
write2Reg@dat_end        cstackCOMMON 0073
write2Reg@dat_st         cstackCOMMON 0078
write2Reg@i              cstackCOMMON 0076
wtemp0                   (abs)        007E


MODULE INFORMATION

Module		Function		Class		Link	Load	Size
eusart.c
		_clearRCREG    		CODE           	015A	0000	21
		_write2Reg     		CODE           	0100	0000	38
		_getChar       		CODE           	0196	0000	19
		_sendChar      		CODE           	01B9	0000	12

eusart.c estimated size: 90

shared
		__initialization		CODE           	000F	0000	40

shared estimated size: 40

main.c
		_ISR           		CODE           	01E9	0000	7
		_incrLED       		CODE           	00CD	0000	51
		_main          		CODE           	016F	0000	20
		_getRCREG      		CODE           	003B	0000	87
		_sendData      		CODE           	0126	0000	29
		_INIT          		CODE           	0092	0000	59

main.c estimated size: 253

DEFINITIONS.c
		_INIT_INTERRUPTS		CODE           	01D0	0000	10
		_INIT_EUSART   		CODE           	0143	0000	23
		_INIT_TEST     		CODE           	01C5	0000	11
		_INIT_PIN      		CODE           	01A9	0000	16

DEFINITIONS.c estimated size: 60

